// Jest Snapshot v1, https://goo.gl/fbAQLP

exports[`typescript compiler should compile typescript to javascript 1`] = `
Object {
  "code": "export function condition_nodes_0_nodes_13_nodes_4_nodes_0(data, library) {
    const firstName = data.firstName;
    const lastName = data.lastName;
    const middleNames = data.middleNames;
    const active = data.active;
    const lastVisit = data.lastVisit;
    const address = data.address;
    const orders = data.orders;
    const loyaltyStatus = data.loyaltyStatus;
    const preferences = data.preferences;
    return preferences.favoriteColors !== undefined && preferences.favoriteColors.includes('PINK');
}
",
  "errors": Array [],
  "extension": "js",
  "highlights": Array [],
  "playgroundURL": "https://www.typescriptlang.org/play/#code/FDD0oAgAQMwSwDYFMB2BDAtkgXBAxgPYp5IBOALgVAIwB0ADA7eQM5gBUESLCcK5AWgAmcFmgBGyaOQCeAB255ScOYO69+oFAQFIMqmQL7kyMNCQjtQYSAHFUZNCaH4CQpBBgFSEdFhZy5jiuxGSUNEz0IOAQcPrerNGQAOpopCh8AOa4AEJIAO5pHgQw+HCkeACuCGkQ7goo7sRw3BD5ABaoEBhucDAyWRDknSwecXIJbOMJQ-IeAN7AAJAAkgCCQkKk3CwANMsrAPKk7qT7qwAyBDJoCLIAyuROlXsHAArbMGSoJK9L9o0yOcVgAVPRyGomAAiTjQwAAvp5SAQMBAAOS0UAmFjkCKMehogDcSVi-FMQTYSAAHhMKKSTKQzBYVgBhIgkVQQRYQHkAEjwNRYLFwOOUKEyxPhIGptPIswUEDZoVUAFUMkQIABeCDrTbbIUQAA+EGARxOZCNJpWVxudxkj2eLEtpo+SC+21CTuNprB+khSBhT2JwBlM2M5OZayFSDl1JMjSdrPZSE53L5cCa5D6LVIIvIYolCOlNLDZMZQR1bzSWbwKjQ-C4VPjQkTSo5crTEF5GdQWfgZDzBclxdl9IjHlBpHrYjwWY1cdQLZ1bZTHeAPK7Wf8T30uEDSGHIZLdPD5eZAFEAG69xvN1vJ1Prvlb7g7uR7pwHosgGzQeDIPxgkIUIKAIZg2FATh1GMYRRAkKQoFkBQWCUFQ1B4YwtB0cFZCMMsmQ8KxfwBRxnFcdxPG8XxMG4QISFwYCSFAklpgoNhf1PAjKWPOVOIrJNlTXDd+UFYUIFFLJD1DE98P4qNRljJtF3vQSuSfLse34bMB3E-NJO-aTeNk5kqwoOBa0CBsFwTZcHyE9NM203NdKHAyeLHM8JxBKcUBnOcUFvZTbNUxYpSPUc+Iva8rKUmyBPbNSwpJWBEFQGjcGxXE6HxcCOC4DD+FgsRJA8RC5hQ5RVF0AryCw3R9FwyLCOsGISKnMjCAorwfEAgIggy188QYFj4jY4BWI7eLV0RGBkVRDFQEYsIqGyhgiRY4zuHC0sGQInUNi2HZArildHw3UUkBjQd9I3WtZGu8ViQ3AAvFQHsLMLDI8vazVOY6lyms6eRYABrSp3qenlMAISp+FwFBKgwcQyCk9ymp1G1bgeJ5yBef6VISztkGvBAIbciLNsrT5vk9fHgsJ9SzEvbw4BMNkEG8FgAH53oAbQAXVR0dUERiAAT+zsAFk1guc8tXRaXZbRfYNwAMXPRW5e1NF1c15X1IAOUOEEAH0oRWe4WQuQ57nPKF5bRI3TfNy3rdtqF9c+tHKdBcF-UDNA6cB+zPHKHEDfSlybp5QVyAjrAyY3DAMyEZB4+4PnBfUzJFzIHmxdz0hIYgcws2vXBxAIAhkHrYvY4ANVEVmPxMYu0D1HZcF1Q6hWL7xTjE36yAFuvrix+0cZefPrTHu0HVxlhi7kamPV+LvXXdH5uEPZL-zShPyKQXKJssEunV9CFP0ltwkAQJEUXRTFMqGgliRPoQ0BkAArJ1ZoftEP7fxYOtE+X85D33mj-IggRhjrWAEhDwbUnBwCIIcVQKDfLy07L4Ag+QeYSXFCrDcHM8C3CQPgvS4pvzbTpDAWGs4MEhBEP5E22h3AsBNvQVhN8OHUAAMzcPYSbAALII7gnCAAUH8njYAvv6a+7gEC0F9n6T8AddgQF4OIKcpAZDYHrDIAAlBACuVca4BWwcBHEodSDhxovLaRaBaDwFsXHGixcQjWNjunBxsJaDePcepTxcpk6bDTjRJ02pHG0FCanJA6dF5BKsXKUucBry+KeLQVJ14PHJM0WgHEjcWCswyU4huTdyC5KINY9uPdIl1D8bU-UiSNzBIgP3Mg9TokdNsVU3ycoOa2mxo6Up-jZ7DIXn06xy83Q01+KMmZm9PQeO2LjdIEBFlzO4M4tAzNlBs2rpzCAABCTU2pYbuHgCgJALgABktyNkry3iwHZezWZIHZpzWgfABSVHYRItEbwVgGwANJokMUWIAA",
  "queries": Array [],
  "staticQuickInfos": Array [],
  "tags": Array [],
}
`;
